Godot Engine v4.6.stable.official.89cea1439 - https://godotengine.org

PASS: canonical startup
PASS: boss lookup
PASS: weapon lookup
PASS: equipment lookup
PASS: material lookup
PASS: all equipment
PASS: query returns isolated deep copy
PASS: tuning bootstrap
PASS: keyboard + pad bindings: move_left
PASS: keyboard + pad bindings: move_right
PASS: keyboard + pad bindings: aim_up
PASS: keyboard + pad bindings: aim_down
PASS: keyboard + pad bindings: jump
PASS: keyboard + pad bindings: dash
PASS: keyboard + pad bindings: attack
PASS: keyboard + pad bindings: parry
PASS: keyboard + pad bindings: potion
PASS: keyboard + pad bindings: pause
PASS: keyboard + pad bindings: retry
PASS: exact standard pad binding: jump
PASS: exact standard pad binding: dash
PASS: exact standard pad binding: attack
PASS: exact standard pad binding: parry
PASS: exact standard pad binding: potion
PASS: exact standard pad binding: pause
PASS: F1 debug binding removed
PASS: F2 debug binding removed
PASS: F3 debug binding removed
PASS: F4 debug binding removed
PASS: F5 debug binding removed
PASS: F6 debug binding removed
PASS: logical resolution
PASS: stretch contract
PASS: fixture manifest supplied
PASS: valid: validity
PASS: cutout_canonical: validity
PASS: recipe_typo: validity
PASS: recipe_typo: equipment.json:$[0].recipe.golem_shrad:존재하지 않는 materials id: golem_shrad
PASS: recipe_typo: access blocked
EXPECTED_ERRORS equipment.json:$[0].recipe.golem_shrad:존재하지 않는 materials id: golem_shrad
PASS: weapon_reference: validity
PASS: weapon_reference: equipment.json:$[0].weapon_id:
PASS: weapon_reference: access blocked
EXPECTED_ERRORS equipment.json:$[0].weapon_id:존재하지 않는 weapons id: missing
PASS: drop_reference: validity
PASS: drop_reference: bosses/golem.json:$.drops[0].id:
PASS: drop_reference: access blocked
EXPECTED_ERRORS bosses/golem.json:$.drops[0].id:존재하지 않는 materials id: missing
PASS: unlock_reference: validity
PASS: unlock_reference: bosses/golem.json:$.unlocks[0]:
PASS: unlock_reference: access blocked
EXPECTED_ERRORS bosses/golem.json:$.unlocks[0]:존재하지 않는 bosses id: missing
PASS: phase_pattern_reference: validity
PASS: phase_pattern_reference: bosses/golem.json:$.phases[0].patterns[0].id:
PASS: phase_pattern_reference: access blocked
EXPECTED_ERRORS bosses/golem.json:$.phases[0].patterns[0].id:존재하지 않는 pattern id: missing
PASS: entry_pattern_reference: validity
PASS: entry_pattern_reference: bosses/wing.json:$.phases[2].enter_pattern:
PASS: entry_pattern_reference: access blocked
EXPECTED_ERRORS bosses/wing.json:$.phases[2].enter_pattern:존재하지 않는 pattern id: missing
PASS: missing_field: validity
PASS: missing_field: tuning/player.json:$.move_speed:필수 필드 누락
PASS: missing_field: access blocked
EXPECTED_ERRORS tuning/player.json:$.move_speed:필수 필드 누락
PASS: wrong_type: validity
PASS: wrong_type: tuning/player.json:$.move_speed:
PASS: wrong_type: tuning/player.json:$.parry_enabled:
PASS: wrong_type: access blocked
EXPECTED_ERRORS tuning/player.json:$.move_speed:nonnegative 필요; 실제 String (fast) | tuning/player.json:$.parry_enabled:bool 필요; 실제 float (1.0)
PASS: negative_value: validity
PASS: negative_value: tuning/player.json:$.dash_duration:
PASS: negative_value: access blocked
EXPECTED_ERRORS tuning/player.json:$.dash_duration:nonnegative 필요; 실제 float (-1.0)
PASS: fractional_integer: validity
PASS: fractional_integer: tuning/player.json:$.potion_count:
PASS: fractional_integer: access blocked
EXPECTED_ERRORS tuning/player.json:$.potion_count:nonnegative_int 필요; 실제 float (2.5)
PASS: unknown_field: validity
PASS: unknown_field: tuning/feedback.json:$.shake_on_hitt:
PASS: unknown_field: access blocked
EXPECTED_ERRORS tuning/feedback.json:$.shake_on_hitt:알 수 없는 필드
PASS: unknown_effect: validity
PASS: unknown_effect: equipment.json:$[3].effects[0].type:
PASS: unknown_effect: access blocked
EXPECTED_ERRORS equipment.json:$[3].effects[0].type:알 수 없는 effect: magic
PASS: unknown_step: validity
PASS: unknown_step: bosses/golem.json:$.patterns.slam.steps[0].type:
PASS: unknown_step: access blocked
EXPECTED_ERRORS bosses/golem.json:$.patterns.slam.steps[0].type:알 수 없는 step: magic
PASS: nested_repeat_invalid: validity
PASS: nested_repeat_invalid: bosses/golem.json:$.patterns.double_slam.steps[0].steps[0].type:
PASS: nested_repeat_invalid: access blocked
EXPECTED_ERRORS bosses/golem.json:$.patterns.double_slam.steps[0].steps[0].type:알 수 없는 step: bad_nested
PASS: between_repeat_invalid: validity
PASS: between_repeat_invalid: bosses/golem.json:$.patterns.double_slam.steps[0].between_steps[0].duration:
PASS: between_repeat_invalid: access blocked
EXPECTED_ERRORS bosses/golem.json:$.patterns.double_slam.steps[0].between_steps[0].duration:positive 필요; 실제 String (fast)
PASS: duplicate_id: validity
PASS: duplicate_id: materials.json:$[4].id:중복 id:
PASS: duplicate_id: access blocked
EXPECTED_ERRORS materials.json:$[4].id:중복 id: golem_shard
PASS: phase_order: validity
PASS: phase_order: bosses/wing.json:$.phases[1].hp_above:
PASS: phase_order: access blocked
EXPECTED_ERRORS bosses/wing.json:$.phases[1].hp_above:1 미만에서 엄격한 내림차순 필요
PASS: phase_zero_missing: validity
PASS: phase_zero_missing: bosses/wing.json:$.phases:마지막
PASS: phase_zero_missing: access blocked
EXPECTED_ERRORS bosses/wing.json:$.phases:마지막 hp_above=0 필요
PASS: drop_range: validity
PASS: drop_range: bosses/golem.json:$.drops[0]:min <= max
PASS: drop_range: access blocked
EXPECTED_ERRORS bosses/golem.json:$.drops[0]:min <= max 필요
PASS: drop_partial: validity
PASS: drop_partial: bosses/golem.json:$.drops[0]:min/max
PASS: drop_partial: access blocked
EXPECTED_ERRORS bosses/golem.json:$.drops[0]:min/max는 함께 필요
PASS: projectile_index: validity
PASS: projectile_index: bosses/wing.json:$.patterns.fan_shot.steps[3].parriable_indices[0]:
PASS: projectile_index: access blocked
EXPECTED_ERRORS bosses/wing.json:$.patterns.fan_shot.steps[3].parriable_indices[0]:중복 또는 투사체 count 범위 초과
PASS: missing_file: validity
PASS: missing_file: materials.json:$:필수 파일 누락
PASS: missing_file: access blocked
EXPECTED_ERRORS materials.json:$:필수 파일 누락 | equipment.json:$[0].recipe.golem_shard:존재하지 않는 materials id: golem_shard | equipment.json:$[0].recipe.golem_core:존재하지 않는 materials id: golem_core | equipment.json:$[1].recipe.golem_shard:존재하지 않는 materials id: golem_shard | equipment.json:$[2].recipe.golem_shard:존재하지 않는 materials id: golem_shard | equipment.json:$[3].recipe.golem_core:존재하지 않는 materials id: golem_core | equipment.json:$[3].recipe.golem_shard:존재하지 않는 materials id: golem_shard | equipment.json:$[4].recipe.golem_heart:존재하지 않는 materials id: golem_heart | equipment.json:$[4].recipe.golem_shard:존재하지 않는 materials id: golem_shard | bosses/golem.json:$.drops[0].id:존재하지 않는 materials id: golem_shard | bosses/golem.json:$.drops[1].id:존재하지 않는 materials id: golem_core | bosses/golem.json:$.drops[2].id:존재하지 않는 materials id: golem_heart | bosses/wing.json:$.drops[0].id:존재하지 않는 materials id: wing_feather
ERROR: Parse JSON failed. Error at line 0: Expected '}'
   at: parse_string (core/io/json.cpp:624)
   GDScript backtrace (most recent call first):
       [0] load_all (res://autoload/DataRegistry.gd:34)
       [1] _ready (res://tests/RegistrySuite.gd:48)
PASS: malformed_json: validity
PASS: malformed_json: materials.json:$:JSON 구문 오류
PASS: malformed_json: access blocked
EXPECTED_ERRORS materials.json:$:JSON 구문 오류 또는 null 루트 (line 0): Expected '}' | equipment.json:$[0].recipe.golem_shard:존재하지 않는 materials id: golem_shard | equipment.json:$[0].recipe.golem_core:존재하지 않는 materials id: golem_core | equipment.json:$[1].recipe.golem_shard:존재하지 않는 materials id: golem_shard | equipment.json:$[2].recipe.golem_shard:존재하지 않는 materials id: golem_shard | equipment.json:$[3].recipe.golem_core:존재하지 않는 materials id: golem_core | equipment.json:$[3].recipe.golem_shard:존재하지 않는 materials id: golem_shard | equipment.json:$[4].recipe.golem_heart:존재하지 않는 materials id: golem_heart | equipment.json:$[4].recipe.golem_shard:존재하지 않는 materials id: golem_shard | bosses/golem.json:$.drops[0].id:존재하지 않는 materials id: golem_shard | bosses/golem.json:$.drops[1].id:존재하지 않는 materials id: golem_core | bosses/golem.json:$.drops[2].id:존재하지 않는 materials id: golem_heart | bosses/wing.json:$.drops[0].id:존재하지 않는 materials id: wing_feather
PASS: null_root: validity
PASS: null_root: materials.json:$:JSON 구문 오류 또는 null 루트
PASS: null_root: access blocked
EXPECTED_ERRORS materials.json:$:JSON 구문 오류 또는 null 루트 (line 0):  | equipment.json:$[0].recipe.golem_shard:존재하지 않는 materials id: golem_shard | equipment.json:$[0].recipe.golem_core:존재하지 않는 materials id: golem_core | equipment.json:$[1].recipe.golem_shard:존재하지 않는 materials id: golem_shard | equipment.json:$[2].recipe.golem_shard:존재하지 않는 materials id: golem_shard | equipment.json:$[3].recipe.golem_core:존재하지 않는 materials id: golem_core | equipment.json:$[3].recipe.golem_shard:존재하지 않는 materials id: golem_shard | equipment.json:$[4].recipe.golem_heart:존재하지 않는 materials id: golem_heart | equipment.json:$[4].recipe.golem_shard:존재하지 않는 materials id: golem_shard | bosses/golem.json:$.drops[0].id:존재하지 않는 materials id: golem_shard | bosses/golem.json:$.drops[1].id:존재하지 않는 materials id: golem_core | bosses/golem.json:$.drops[2].id:존재하지 않는 materials id: golem_heart | bosses/wing.json:$.drops[0].id:존재하지 않는 materials id: wing_feather
PASS: root_type: validity
PASS: root_type: equipment.json:$:array 필요
PASS: root_type: access blocked
EXPECTED_ERRORS equipment.json:$:array 필요
PASS: unsupported_file: validity
PASS: unsupported_file: unknown.json:$:지원하지 않는 데이터 파일
PASS: unsupported_file: access blocked
EXPECTED_ERRORS unknown.json:$:지원하지 않는 데이터 파일; 검증 스키마 필요
PASS: multiple_files: validity
PASS: multiple_files: tuning/player.json:$.gravity:
PASS: multiple_files: tuning/feedback.json:$.shake_on_hit:
PASS: multiple_files: equipment.json:$[0].recipe.typo:
PASS: multiple_files: access blocked
EXPECTED_ERRORS tuning/feedback.json:$.shake_on_hit:nonnegative 필요; 실제 bool (false) | tuning/player.json:$.gravity:필수 필드 누락 | equipment.json:$[0].recipe.typo:존재하지 않는 materials id: typo
PASS: no_weapon_id: validity
PASS: no_weapon_id: equipment.json:$[0].weapon_id:
PASS: no_weapon_id: access blocked
EXPECTED_ERRORS equipment.json:$[0].weapon_id:weapon 슬롯에 필수
PASS: unknown_stat: validity
PASS: unknown_stat: equipment.json:$[0].modifiers.luck:
PASS: unknown_stat: access blocked
EXPECTED_ERRORS equipment.json:$[0].modifiers.luck:알 수 없는 스탯
PASS: bad_flag: validity
PASS: bad_flag: weapons.json:$[0].flags[0]:
PASS: bad_flag: access blocked
EXPECTED_ERRORS weapons.json:$[0].flags[0]:허용값 ["dash_cancel"]; 실제 magic
PASS: negative_recipe: validity
PASS: negative_recipe: equipment.json:$[0].recipe.golem_shard:
PASS: negative_recipe: access blocked
EXPECTED_ERRORS equipment.json:$[0].recipe.golem_shard:positive_int 필요; 실제 float (-1.0)
PASS: telegraph_ambiguous: validity
PASS: telegraph_ambiguous: bosses/golem.json:$.patterns.slam.steps[2]:
PASS: telegraph_ambiguous: access blocked
EXPECTED_ERRORS bosses/golem.json:$.patterns.slam.steps[2]:target 또는 offset 중 정확히 하나 필요
PASS: bad_distance: validity
PASS: bad_distance: bosses/golem.json:$.patterns.slam:
PASS: bad_distance: access blocked
EXPECTED_ERRORS bosses/golem.json:$.patterns.slam:min_distance <= max_distance 필요
PASS: bad_color: validity
PASS: bad_color: bosses/golem.json:$.body.color[0]:
PASS: bad_color: access blocked
EXPECTED_ERRORS bosses/golem.json:$.body.color[0]:ratio 필요; 실제 float (2.0)
PASS: empty_combo: validity
PASS: empty_combo: weapons.json:$[0].combo:
PASS: empty_combo: access blocked
EXPECTED_ERRORS weapons.json:$[0].combo:항목 최소 1개 필요
PASS: mixed_same_file: validity
PASS: mixed_same_file: equipment.json:$[0].name:
PASS: mixed_same_file: equipment.json:$[0].recipe.missing:
PASS: mixed_same_file: access blocked
EXPECTED_ERRORS equipment.json:$[0].name:text 필요; 실제 float (5.0) | equipment.json:$[0].recipe.missing:존재하지 않는 materials id: missing
PASS: mixed_boss_file: validity
PASS: mixed_boss_file: bosses/wing.json:$.body.size:
PASS: mixed_boss_file: bosses/wing.json:$.phases[0].enter_pattern:
PASS: mixed_boss_file: access blocked
EXPECTED_ERRORS bosses/wing.json:$.body.size:size: 숫자 배열 길이 2 필요 | bosses/wing.json:$.phases[0].enter_pattern:존재하지 않는 pattern id: missing
PASS: practice_weapon_ref: validity
PASS: practice_weapon_ref: training.json:$.player.weapon_id:
PASS: practice_weapon_ref: access blocked
EXPECTED_ERRORS training.json:$.player.weapon_id:존재하지 않는 weapons id: missing
PASS: defaults_weapon_ref: validity
PASS: defaults_weapon_ref: tuning_defaults.json:$.training.player.weapon_id:
PASS: defaults_weapon_ref: access blocked
EXPECTED_ERRORS tuning_defaults.json:$.training.player.weapon_id:존재하지 않는 기본 weapon id
PASS: defaults_duplicate_weapon: validity
PASS: defaults_duplicate_weapon: tuning_defaults.json:$.weapons[1].id:
PASS: defaults_duplicate_weapon: access blocked
EXPECTED_ERRORS tuning_defaults.json:$.weapons[1].id:중복 weapon id
PASS: battle_boss_ref: validity
PASS: battle_boss_ref: battle.json:$.boss_id:
PASS: battle_boss_ref: access blocked
EXPECTED_ERRORS battle.json:$.boss_id:존재하지 않는 bosses id: missing
PASS: battle_negative_lifetime: validity
PASS: battle_negative_lifetime: battle.json:$.projectile_lifetime:
PASS: battle_negative_lifetime: access blocked
EXPECTED_ERRORS battle.json:$.projectile_lifetime:positive 필요; 실제 float (-1.0)
PASS: battle_missing: validity
PASS: battle_missing: battle.json:$:필수 파일 누락
PASS: battle_missing: access blocked
EXPECTED_ERRORS battle.json:$:필수 파일 누락
PASS: negative_stop_distance: validity
PASS: negative_stop_distance: bosses/golem.json:$.patterns.slam.steps[1].stop_distance:
PASS: negative_stop_distance: access blocked
EXPECTED_ERRORS bosses/golem.json:$.patterns.slam.steps[1].stop_distance:nonnegative 필요; 실제 float (-1.0)
PASS: invalid_direction_chain: validity
PASS: invalid_direction_chain: tuning/player.json:$.attack_direction_chain:
PASS: invalid_direction_chain: access blocked
EXPECTED_ERRORS tuning/player.json:$.attack_direction_chain:bool 필요; 실제 float (1.0)
PASS: defense_buffer_negative: validity
PASS: defense_buffer_negative: tuning/player.json:$.defense_buffer:
PASS: defense_buffer_negative: access blocked
EXPECTED_ERRORS tuning/player.json:$.defense_buffer:nonnegative 필요; 실제 float (-1.0)
PASS: defense_flag_wrong_type: validity
PASS: defense_flag_wrong_type: tuning/player.json:$.defense_cancel_hurt:
PASS: defense_flag_wrong_type: access blocked
EXPECTED_ERRORS tuning/player.json:$.defense_cancel_hurt:bool 필요; 실제 float (1.0)
PASS: boolean_equipment_modifier: validity
PASS: boolean_equipment_modifier: equipment.json:$[0].modifiers.defense_cancel_hurt:
PASS: boolean_equipment_modifier: access blocked
EXPECTED_ERRORS equipment.json:$[0].modifiers.defense_cancel_hurt:boolean 플래그는 산술 보정 불가
PASS: boss_initial_type: validity
PASS: boss_initial_type: bosses/golem.json:$.initially_unlocked:
PASS: boss_initial_type: access blocked
EXPECTED_ERRORS bosses/golem.json:$.initially_unlocked:bool 필요; 실제 float (1.0)
PASS: boss_order_negative: validity
PASS: boss_order_negative: bosses/golem.json:$.order:
PASS: boss_order_negative: access blocked
EXPECTED_ERRORS bosses/golem.json:$.order:nonnegative_int 필요; 실제 float (-1.0)
PASS: chain_at_negative: validity
PASS: chain_at_negative: weapons.json:$[0].combo[0].chain_at:
PASS: chain_at_negative: access blocked
EXPECTED_ERRORS weapons.json:$[0].combo[0].chain_at:nonnegative 필요; 실제 float (-1.0)
PASS: move_max_duration_zero: validity
PASS: move_max_duration_zero: max_duration:
PASS: move_max_duration_zero: access blocked
EXPECTED_ERRORS bosses/golem.json:$.patterns.slam.steps[1].max_duration:positive 필요; 실제 float (0.0)
PASS: device_switch_above_one: validity
PASS: device_switch_above_one: tuning/player.json:$.device_switch_axis:
PASS: device_switch_above_one: access blocked
EXPECTED_ERRORS tuning/player.json:$.device_switch_axis:ratio 필요; 실제 float (1.1)
PASS: negative_vulnerable_gap: validity
PASS: negative_vulnerable_gap: tuning/player.json:$.min_vulnerable_gap:
PASS: negative_vulnerable_gap: access blocked
EXPECTED_ERRORS tuning/player.json:$.min_vulnerable_gap:nonnegative 필요; 실제 float (-1.0)
PASS: dash_grace_negative: validity
PASS: dash_grace_negative: tuning/player.json:$.dash_direction_grace:
PASS: dash_grace_negative: access blocked
EXPECTED_ERRORS tuning/player.json:$.dash_direction_grace:nonnegative 필요; 실제 float (-1.0)
PASS: dash_continuation_type: validity
PASS: dash_continuation_type: tuning/player.json:$.dash_attack_continues_after_dash:
PASS: dash_continuation_type: access blocked
EXPECTED_ERRORS tuning/player.json:$.dash_attack_continues_after_dash:bool 필요; 실제 float (1.0)
PASS: result_delay_negative: validity
PASS: result_delay_negative: battle.json:$.result_input_delay:
PASS: result_delay_negative: access blocked
EXPECTED_ERRORS battle.json:$.result_input_delay:nonnegative 필요; 실제 float (-1.0)
PASS: bow_negative_damage: validity
PASS: bow_negative_damage: tuning/player.json:$.bow_damage_max:
PASS: bow_negative_damage: access blocked
EXPECTED_ERRORS tuning/player.json:$.bow_damage_max:nonnegative 필요; 실제 float (-1.0)
PASS: bow_zero_lifetime: validity
PASS: bow_zero_lifetime: tuning/player.json:$.bow_lifetime:
PASS: bow_zero_lifetime: access blocked
EXPECTED_ERRORS tuning/player.json:$.bow_lifetime:positive 필요; 실제 float (0.0)
PASS: bow_wrong_charge_type: validity
PASS: bow_wrong_charge_type: tuning/player.json:$.bow_charge_time:
PASS: bow_wrong_charge_type: access blocked
EXPECTED_ERRORS tuning/player.json:$.bow_charge_time:positive 필요; 실제 String (fast)
PASS: cutout_bad_window: validity
PASS: cutout_bad_window: $.moves.slam:
PASS: cutout_bad_window: access blocked
EXPECTED_ERRORS bosses/golem.json:$.moves.slam:windup <= active_start < active_end <= punish_end <= duration 필요
PASS: cutout_unknown_clip: validity
PASS: cutout_unknown_clip: .animation:
PASS: cutout_unknown_clip: access blocked
EXPECTED_ERRORS bosses/golem.json:$.moves.slam.animation:지원하지 않는 리그 모션
PASS: cutout_negative_scale: validity
PASS: cutout_negative_scale: .scale:
PASS: cutout_negative_scale: access blocked
EXPECTED_ERRORS bosses/golem.json:$.cutout.scale:positive 필요; 실제 float (-1.0)
PASS: cutout_zero_walk_speed: validity
PASS: cutout_zero_walk_speed: .walk_speed:
PASS: cutout_zero_walk_speed: access blocked
EXPECTED_ERRORS bosses/golem.json:$.cutout.walk_speed:positive 필요; 실제 float (0.0)
PASS: cutout_zero_contact_interval: validity
PASS: cutout_zero_contact_interval: .contact_interval:
PASS: cutout_zero_contact_interval: access blocked
EXPECTED_ERRORS bosses/golem.json:$.cutout.contact_interval:positive 필요; 실제 float (0.0)
PASS: restored canonical registry
SUITE_RESULT checks=237 failures=0
