Godot Engine v4.6.stable.official.89cea1439 - https://godotengine.org
OpenGL API 3.3.0 NVIDIA 560.94 - Compatibility - Using Device: NVIDIA - NVIDIA GeForce RTX 4060 Ti

NATURAL_PATTERNS []
PASS: real boss hitbox damages player once
PASS: same swing cannot hit twice
PASS: real parry collision prevents damage and adds boss stagger
PASS: 0.25 speed keeps 0.35-second warning active for over 1.3 real seconds
PASS: slow-motion warning transitions into matching active hitbox
PASS: Esc opens paused tuning and blocks input
PASS: resume restores play
PASS: death opens result screen
PASS: one-button scene restart: R
PASS: retry begins combat under one simulated second
RETRY_WALL_MS 813
PASS: retry resets both HP pools
PASS: one-button scene restart: pad A
PASS: retry begins combat under one simulated second
RETRY_WALL_MS 800
PASS: retry resets both HP pools
PASS: boss death opens victory result
PASS: abandon/result return to working training scene
BATTLE_FLOW_RESULT checks=16 failures=0
