Godot Engine v4.6.stable.official.89cea1439 - https://godotengine.org

PASS: early short second tap chains into strike 2
PASS: attack tap cannot cancel failed parry recovery
PASS: jump tap during ground dash is honored
PASS: between-tick W+Shift tap preserves upward dash direction
PASS: between-tick W+J tap preserves attack direction
PASS: early second tap executes exactly one next strike
PASS: early tap survives current attack across wall-clock stall
PASS: focus change invalidates attack queue
PASS: attack cannot erase live parry window
PASS: tap during live parry does not bypass failed recovery
PASS: jump cannot cancel failed parry recovery
PASS: parry does not freeze directional movement
PASS: same-tick dash and attack both execute
PASS: Shift modifier plus between-tick J tap is received
PASS: pad early tap chains once like keyboard
PASS: parry and dash override attack queue together
PASS: sword_basic has four strikes
PASS: visual stage matches live hitbox sword_basic0
PASS: visual stage matches live hitbox sword_basic1
PASS: visual stage matches live hitbox sword_basic2
PASS: visual stage matches live hitbox sword_basic3
PASS: sword_basic held attack advances in order 1-2-3-4
PASS: combo timeout returns to strike 1
PASS: greatsword_slab has four strikes
PASS: visual stage matches live hitbox greatsword_slab0
PASS: visual stage matches live hitbox greatsword_slab1
PASS: visual stage matches live hitbox greatsword_slab2
PASS: visual stage matches live hitbox greatsword_slab3
PASS: greatsword_slab held attack advances in order 1-2-3-4
PASS: combo timeout returns to strike 1
PASS: daggers_twin has four strikes
PASS: visual stage matches live hitbox daggers_twin0
PASS: visual stage matches live hitbox daggers_twin1
PASS: visual stage matches live hitbox daggers_twin2
PASS: visual stage matches live hitbox daggers_twin3
PASS: daggers_twin held attack advances in order 1-2-3-4
PASS: combo timeout returns to strike 1
PASS: early directional tap survives until chain permission
PASS: four-key sequence preserves separate dash direction and parry priority
PASS: legacy saved weapon arrays migrate to four strikes
PASS: legacy migration preserves edited existing strikes
PASS: hub labels both modes explicitly
PASS: practice button enters reward-free training
PASS: practice toolbar returns to hub
PASS: actual game button uses equipped progression
PASS: paused real-game return unpauses hub
PASS: practice boss preserves no-reward mode
PASS: practice victory grants no resources or records
PASS: practice result returns to hub
INPUT_COMBO_RESULT checks=49 failures=0
