Godot Engine v4.6.stable.official.89cea1439 - https://godotengine.org

FAIL: immediate (1.0, 0.0) -> (1.0, 0.0)
FAIL: third press blocked (1.0, 0.0) -> (1.0, 0.0)
FAIL: immediate (1.0, 0.0) -> (-1.0, 0.0)
FAIL: third press blocked (1.0, 0.0) -> (-1.0, 0.0)
FAIL: immediate (1.0, 0.0) -> (0.0, -1.0)
FAIL: third press blocked (1.0, 0.0) -> (0.0, -1.0)
FAIL: immediate (1.0, 0.0) -> (0.0, 1.0)
FAIL: third press blocked (1.0, 0.0) -> (0.0, 1.0)
FAIL: immediate (1.0, 0.0) -> (1.0, -1.0)
FAIL: third press blocked (1.0, 0.0) -> (1.0, -1.0)
FAIL: immediate (1.0, 0.0) -> (-1.0, -1.0)
FAIL: third press blocked (1.0, 0.0) -> (-1.0, -1.0)
FAIL: immediate (1.0, 0.0) -> (1.0, 1.0)
FAIL: third press blocked (1.0, 0.0) -> (1.0, 1.0)
FAIL: immediate (1.0, 0.0) -> (-1.0, 1.0)
FAIL: third press blocked (1.0, 0.0) -> (-1.0, 1.0)
FAIL: immediate (-1.0, 0.0) -> (1.0, 0.0)
FAIL: third press blocked (-1.0, 0.0) -> (1.0, 0.0)
FAIL: immediate (-1.0, 0.0) -> (-1.0, 0.0)
FAIL: third press blocked (-1.0, 0.0) -> (-1.0, 0.0)
FAIL: immediate (-1.0, 0.0) -> (0.0, -1.0)
FAIL: third press blocked (-1.0, 0.0) -> (0.0, -1.0)
FAIL: immediate (-1.0, 0.0) -> (0.0, 1.0)
FAIL: third press blocked (-1.0, 0.0) -> (0.0, 1.0)
FAIL: immediate (-1.0, 0.0) -> (1.0, -1.0)
FAIL: third press blocked (-1.0, 0.0) -> (1.0, -1.0)
FAIL: immediate (-1.0, 0.0) -> (-1.0, -1.0)
FAIL: third press blocked (-1.0, 0.0) -> (-1.0, -1.0)
FAIL: immediate (-1.0, 0.0) -> (1.0, 1.0)
FAIL: third press blocked (-1.0, 0.0) -> (1.0, 1.0)
FAIL: immediate (-1.0, 0.0) -> (-1.0, 1.0)
FAIL: third press blocked (-1.0, 0.0) -> (-1.0, 1.0)
FAIL: immediate (0.0, -1.0) -> (1.0, 0.0)
FAIL: third press blocked (0.0, -1.0) -> (1.0, 0.0)
FAIL: immediate (0.0, -1.0) -> (-1.0, 0.0)
FAIL: third press blocked (0.0, -1.0) -> (-1.0, 0.0)
FAIL: immediate (0.0, -1.0) -> (0.0, -1.0)
FAIL: third press blocked (0.0, -1.0) -> (0.0, -1.0)
FAIL: immediate (0.0, -1.0) -> (0.0, 1.0)
FAIL: third press blocked (0.0, -1.0) -> (0.0, 1.0)
FAIL: immediate (0.0, -1.0) -> (1.0, -1.0)
FAIL: third press blocked (0.0, -1.0) -> (1.0, -1.0)
FAIL: immediate (0.0, -1.0) -> (-1.0, -1.0)
FAIL: third press blocked (0.0, -1.0) -> (-1.0, -1.0)
FAIL: immediate (0.0, -1.0) -> (1.0, 1.0)
FAIL: third press blocked (0.0, -1.0) -> (1.0, 1.0)
FAIL: immediate (0.0, -1.0) -> (-1.0, 1.0)
FAIL: third press blocked (0.0, -1.0) -> (-1.0, 1.0)
FAIL: immediate (0.0, 1.0) -> (1.0, 0.0)
FAIL: third press blocked (0.0, 1.0) -> (1.0, 0.0)
FAIL: immediate (0.0, 1.0) -> (-1.0, 0.0)
FAIL: third press blocked (0.0, 1.0) -> (-1.0, 0.0)
FAIL: immediate (0.0, 1.0) -> (0.0, -1.0)
FAIL: third press blocked (0.0, 1.0) -> (0.0, -1.0)
FAIL: immediate (0.0, 1.0) -> (0.0, 1.0)
FAIL: third press blocked (0.0, 1.0) -> (0.0, 1.0)
FAIL: immediate (0.0, 1.0) -> (1.0, -1.0)
FAIL: third press blocked (0.0, 1.0) -> (1.0, -1.0)
FAIL: immediate (0.0, 1.0) -> (-1.0, -1.0)
FAIL: third press blocked (0.0, 1.0) -> (-1.0, -1.0)
FAIL: immediate (0.0, 1.0) -> (1.0, 1.0)
FAIL: third press blocked (0.0, 1.0) -> (1.0, 1.0)
FAIL: immediate (0.0, 1.0) -> (-1.0, 1.0)
FAIL: third press blocked (0.0, 1.0) -> (-1.0, 1.0)
FAIL: immediate (1.0, -1.0) -> (1.0, 0.0)
FAIL: third press blocked (1.0, -1.0) -> (1.0, 0.0)
FAIL: immediate (1.0, -1.0) -> (-1.0, 0.0)
FAIL: third press blocked (1.0, -1.0) -> (-1.0, 0.0)
FAIL: immediate (1.0, -1.0) -> (0.0, -1.0)
FAIL: third press blocked (1.0, -1.0) -> (0.0, -1.0)
FAIL: immediate (1.0, -1.0) -> (0.0, 1.0)
FAIL: third press blocked (1.0, -1.0) -> (0.0, 1.0)
FAIL: immediate (1.0, -1.0) -> (1.0, -1.0)
FAIL: third press blocked (1.0, -1.0) -> (1.0, -1.0)
FAIL: immediate (1.0, -1.0) -> (-1.0, -1.0)
FAIL: third press blocked (1.0, -1.0) -> (-1.0, -1.0)
FAIL: immediate (1.0, -1.0) -> (1.0, 1.0)
FAIL: third press blocked (1.0, -1.0) -> (1.0, 1.0)
FAIL: immediate (1.0, -1.0) -> (-1.0, 1.0)
FAIL: third press blocked (1.0, -1.0) -> (-1.0, 1.0)
FAIL: immediate (-1.0, -1.0) -> (1.0, 0.0)
FAIL: third press blocked (-1.0, -1.0) -> (1.0, 0.0)
FAIL: immediate (-1.0, -1.0) -> (-1.0, 0.0)
FAIL: third press blocked (-1.0, -1.0) -> (-1.0, 0.0)
FAIL: immediate (-1.0, -1.0) -> (0.0, -1.0)
FAIL: third press blocked (-1.0, -1.0) -> (0.0, -1.0)
FAIL: immediate (-1.0, -1.0) -> (0.0, 1.0)
FAIL: third press blocked (-1.0, -1.0) -> (0.0, 1.0)
FAIL: immediate (-1.0, -1.0) -> (1.0, -1.0)
FAIL: third press blocked (-1.0, -1.0) -> (1.0, -1.0)
FAIL: immediate (-1.0, -1.0) -> (-1.0, -1.0)
FAIL: third press blocked (-1.0, -1.0) -> (-1.0, -1.0)
FAIL: immediate (-1.0, -1.0) -> (1.0, 1.0)
FAIL: third press blocked (-1.0, -1.0) -> (1.0, 1.0)
FAIL: immediate (-1.0, -1.0) -> (-1.0, 1.0)
FAIL: third press blocked (-1.0, -1.0) -> (-1.0, 1.0)
FAIL: immediate (1.0, 1.0) -> (1.0, 0.0)
FAIL: third press blocked (1.0, 1.0) -> (1.0, 0.0)
FAIL: immediate (1.0, 1.0) -> (-1.0, 0.0)
FAIL: third press blocked (1.0, 1.0) -> (-1.0, 0.0)
FAIL: immediate (1.0, 1.0) -> (0.0, -1.0)
FAIL: third press blocked (1.0, 1.0) -> (0.0, -1.0)
FAIL: immediate (1.0, 1.0) -> (0.0, 1.0)
FAIL: third press blocked (1.0, 1.0) -> (0.0, 1.0)
FAIL: immediate (1.0, 1.0) -> (1.0, -1.0)
FAIL: third press blocked (1.0, 1.0) -> (1.0, -1.0)
FAIL: immediate (1.0, 1.0) -> (-1.0, -1.0)
FAIL: third press blocked (1.0, 1.0) -> (-1.0, -1.0)
FAIL: immediate (1.0, 1.0) -> (1.0, 1.0)
FAIL: third press blocked (1.0, 1.0) -> (1.0, 1.0)
FAIL: immediate (1.0, 1.0) -> (-1.0, 1.0)
FAIL: third press blocked (1.0, 1.0) -> (-1.0, 1.0)
FAIL: immediate (-1.0, 1.0) -> (1.0, 0.0)
FAIL: third press blocked (-1.0, 1.0) -> (1.0, 0.0)
FAIL: immediate (-1.0, 1.0) -> (-1.0, 0.0)
FAIL: third press blocked (-1.0, 1.0) -> (-1.0, 0.0)
FAIL: immediate (-1.0, 1.0) -> (0.0, -1.0)
FAIL: third press blocked (-1.0, 1.0) -> (0.0, -1.0)
FAIL: immediate (-1.0, 1.0) -> (0.0, 1.0)
FAIL: third press blocked (-1.0, 1.0) -> (0.0, 1.0)
FAIL: immediate (-1.0, 1.0) -> (1.0, -1.0)
FAIL: third press blocked (-1.0, 1.0) -> (1.0, -1.0)
FAIL: immediate (-1.0, 1.0) -> (-1.0, -1.0)
FAIL: third press blocked (-1.0, 1.0) -> (-1.0, -1.0)
FAIL: immediate (-1.0, 1.0) -> (1.0, 1.0)
FAIL: third press blocked (-1.0, 1.0) -> (1.0, 1.0)
FAIL: immediate (-1.0, 1.0) -> (-1.0, 1.0)
FAIL: third press blocked (-1.0, 1.0) -> (-1.0, 1.0)
IMMEDIATE_DASH_RESULT checks=193 failures=128
